[INFO] Hello world!
[ERROR] Something wrong!
